 running on   24 nodes
 distr:  one band on    1 nodes,   24 groups
 vasp.5.2.12 26May11 complex 
 POSCAR found type information on POSCAR  Fe O 
 POSCAR found :  2 types and      30 ions
 LDA part: xc-table for Pade appr. of Perdew
 POSCAR found type information on POSCAR  Fe O 
 POSCAR found :  2 types and      30 ions
 generate k-points for:    5    5    1
 POSCAR, INCAR and KPOINTS ok, starting setup
 FFT: planning ...(           1 )
 WAVECAR not read
 entering main loop
       N       E                     dE             d eps       ncg     rms          rms(c)
RMM:   1    -0.221131755639E+04   -0.22113E+04   -0.20161E+05  1680   0.207E+03
RMM:   2     0.153585188554E+03    0.23649E+04   -0.31629E+04  1680   0.481E+02
RMM:   3     0.255554904746E+01   -0.15103E+03   -0.68004E+03  1680   0.231E+02
RMM:   4    -0.171516969513E+03   -0.17407E+03   -0.21427E+03  1680   0.153E+02
RMM:   5    -0.245534417290E+03   -0.74017E+02   -0.76325E+02  1680   0.797E+01
RMM:   6    -0.267135753080E+03   -0.21601E+02   -0.33402E+02  1680   0.564E+01
RMM:   7    -0.268588077975E+03   -0.14523E+01   -0.91880E+01  1680   0.294E+01
RMM:   8    -0.269844473166E+03   -0.12564E+01   -0.38579E+01  1680   0.187E+01
RMM:   9    -0.270066311129E+03   -0.22184E+00   -0.14848E+01  4942   0.109E+01
RMM:  10    -0.270331590676E+03   -0.26528E+00   -0.34036E+00  5853   0.234E+00
RMM:  11    -0.270267874429E+03    0.63716E-01   -0.27294E-01  5462   0.701E-01
RMM:  12    -0.270266969459E+03    0.90497E-03   -0.50970E-02  5022   0.219E-01    0.859E+01
RMM:  13    -0.205878405448E+03    0.64389E+02   -0.54563E+02  4121   0.642E+01    0.978E+01
RMM:  14    -0.205861621974E+03    0.16783E-01   -0.16022E+01  4565   0.118E+01    0.582E+01
RMM:  15    -0.204647043310E+03    0.12146E+01   -0.15827E+01  4196   0.110E+01    0.378E+01
RMM:  16    -0.204041789605E+03    0.60525E+00   -0.27097E+00  4648   0.482E+00    0.959E+00
RMM:  17    -0.204113552475E+03   -0.71763E-01   -0.35015E-01  4734   0.173E+00    0.208E+00
RMM:  18    -0.204120096904E+03   -0.65444E-02   -0.51515E-02  4747   0.654E-01    0.102E+00
RMM:  19    -0.204118690085E+03    0.14068E-02   -0.25004E-02  4264   0.516E-01    0.484E-01
RMM:  20    -0.204118987915E+03   -0.29783E-03   -0.11838E-02  4098   0.319E-01    0.226E-01
RMM:  21    -0.204118879016E+03    0.10890E-03   -0.71295E-04  4965   0.850E-02    0.125E-01
RMM:  22    -0.204119032194E+03   -0.15318E-03   -0.25674E-04  4382   0.490E-02    0.631E-02
RMM:  23    -0.204119046495E+03   -0.14301E-04   -0.76844E-05  3966   0.222E-02    0.347E-02
RMM:  24    -0.204119045214E+03    0.12811E-05   -0.14300E-05  2617   0.119E-02
   1 F= -.20411905E+03 E0= -.20412640E+03  d E =0.220635E-01  mag=   -19.9974
 writing wavefunctions
