 running on   12 total cores
 distrk:  each k-point on   12 cores,    1 groups
 distr:  one band on    1 cores,   12 groups
 using from now: INCAR     
 vasp.5.3.5 31Mar14 (build Sep 28 2014 13:57:31) complex                        
  
 POSCAR found type information on POSCAR  Fe O 
 POSCAR found :  2 types and      30 ions
 scaLAPACK will be used

 ----------------------------------------------------------------------------- 
|                                                                             |
|           W    W    AA    RRRRR   N    N  II  N    N   GGGG   !!!           |
|           W    W   A  A   R    R  NN   N  II  NN   N  G    G  !!!           |
|           W    W  A    A  R    R  N N  N  II  N N  N  G       !!!           |
|           W WW W  AAAAAA  RRRRR   N  N N  II  N  N N  G  GGG   !            |
|           WW  WW  A    A  R   R   N   NN  II  N   NN  G    G                |
|           W    W  A    A  R    R  N    N  II  N    N   GGGG   !!!           |
|                                                                             |
|      For optimal performance we recommend to set                            |
|        NCORE= 4 - approx SQRT( number of cores)                             |
|      NCORE specifies how many cores store one orbital (NPAR=cpu/NCORE).     |
|      This setting can  greatly improve the performance of VASP for DFT.     |
|      The default, NPAR=number of cores might be grossly inefficient         |
|      on modern multi-core architectures or massively parallel machines.     |
|      Do your own testing !!!!                                               |
|      Unfortunately you need to use the default for GW and RPA calculations. |
|      (for HF NCORE is supported but not extensively tested yet)             |
|                                                                             |
 ----------------------------------------------------------------------------- 

 LDA part: xc-table for Pade appr. of Perdew
 POSCAR found type information on POSCAR  Fe O 
 POSCAR found :  2 types and      30 ions
 generate k-points for:    5    5    1
 POSCAR, INCAR and KPOINTS ok, starting setup
 FFT: planning ...
 WAVECAR not read
 entering main loop
       N       E                     dE             d eps       ncg     rms          rms(c)
RMM:   1    -0.275316485207E+04   -0.27532E+04   -0.19317E+05  2040   0.167E+03
RMM:   2     0.158195861911E+03    0.29114E+04   -0.25766E+04  2040   0.365E+02
RMM:   3    -0.138739632588E+03   -0.29694E+03   -0.51460E+03  2040   0.165E+02
RMM:   4    -0.250966485613E+03   -0.11223E+03   -0.13796E+03  2040   0.100E+02
RMM:   5    -0.267514358831E+03   -0.16548E+02   -0.26955E+02  2040   0.441E+01
RMM:   6    -0.270156314362E+03   -0.26420E+01   -0.79941E+01  2040   0.245E+01
RMM:   7    -0.270193444518E+03   -0.37130E-01   -0.34445E+01  2040   0.137E+01
RMM:   8    -0.270686762507E+03   -0.49332E+00   -0.32782E+01  2040   0.989E+00
RMM:   9    -0.268969020519E+03    0.17177E+01   -0.22046E+01  5804   0.855E+00
RMM:  10    -0.269002338379E+03   -0.33318E-01   -0.23106E-01  6340   0.867E-01
RMM:  11    -0.268993719991E+03    0.86184E-02   -0.80566E-03  6386   0.167E-01
RMM:  12    -0.268993729134E+03   -0.91424E-05   -0.12608E-04  4945   0.221E-02    0.873E+01
RMM:  13    -0.202829192825E+03    0.66165E+02   -0.36238E+02  5117   0.455E+01    0.106E+02
RMM:  14    -0.202264427475E+03    0.56477E+00   -0.83406E+00  5646   0.707E+00    0.691E+01
RMM:  15    -0.201600155437E+03    0.66427E+00   -0.81227E+00  5100   0.708E+00    0.426E+01
RMM:  16    -0.201431271100E+03    0.16888E+00   -0.81771E-01  5643   0.293E+00    0.883E+00
RMM:  17    -0.201514915151E+03   -0.83644E-01   -0.61074E-02  5185   0.799E-01    0.186E+00
RMM:  18    -0.201517858822E+03   -0.29437E-02   -0.23519E-02  5225   0.458E-01    0.653E-01
RMM:  19    -0.201517277562E+03    0.58126E-03   -0.62537E-03  4971   0.235E-01    0.362E-01
RMM:  20    -0.201517392315E+03   -0.11475E-03   -0.29368E-03  5184   0.120E-01    0.117E-01
RMM:  21    -0.201517230907E+03    0.16141E-03   -0.27398E-04  5531   0.500E-02    0.132E-01
RMM:  22    -0.201517240977E+03   -0.10070E-04   -0.24982E-05  4127   0.151E-02    0.101E-02
RMM:  23    -0.201517241290E+03   -0.31335E-06   -0.32756E-06  2992   0.571E-03
   1 F= -.20151724E+03 E0= -.20153169E+03  d E =0.433326E-01  mag=    60.0000
 writing wavefunctions
